[www.yanceysfancy.com/index.html]
[backblue.gif]
[fade.gif]
[index.html]
[www.yanceysfancy.com/templates/custom/yanceysfancy2021/favicon.ico]
[www.yanceysfancy.com/templates/custom/yanceysfancy2021/apple-touch-icon.png]
[use.typekit.net/qtl6dtl.css]
[use.typekit.net/yuy7urt.css]
[www.yanceysfancy.com/templates/custom/yanceysfancy2021/css/bootstrap.min.css]
[www.yanceysfancy.com/templates/custom/yanceysfancy2021/css/ekko-lightbox.css]
[www.yanceysfancy.com/cmscore/js/flexslider/flexslider.css]
[use.fontawesome.com/releases/v5.5.0/css/brands.css]
[use.fontawesome.com/releases/v5.5.0/css/fontawesome.css]
[www.yanceysfancy.com/templates/custom/yanceysfancy2021/css/pageb141.css]
[www.yanceysfancy.com/templates/custom/yanceysfancy2021/css/formb141.css]
[www.yanceysfancy.com/templates/front/css/form-imagedropb141.css]
[www.yanceysfancy.com/templates/front/css/modules/rss-feedb141.css]
[www.yanceysfancy.com/templates/front/css/modules/catalog-categoriesb141.css]
[www.yanceysfancy.com/templates/front/css/modules/modulesb141.css]
[www.yanceysfancy.com/templates/custom/yanceysfancy2021/css/contentb141.css]
[www.yanceysfancy.com/templates/front/css/listb141.css]
[www.yanceysfancy.com/templates/front/css/modules/MOD.ImageList.001b141.css]
[www.yanceysfancy.com/themes/blank/styleb141.css]
[www.yanceysfancy.com/themes/basic/styleb141.css]
[www.yanceysfancy.com/menus-css/mainmenu2021b141.css]
[www.yanceysfancy.com/templates/front/css/list-search-resultsb141.css]
[www.yanceysfancy.com/templates/front/css/sitemapb141.css]
[www.yanceysfancy.com/templates/front/css/categoriesb141.css]
[www.yanceysfancy.com/templates/front/css/overlibb141.css]
[www.yanceysfancy.com/cmscore/css/font-awesomeb141.css]
[www.yanceysfancy.com/cmscore/css/form-website-fieldb141.css]
[ajax.googleapis.com/ajax/libs/jquery/1.11.1/jquery.min.js]
[www.yanceysfancy.com/cmscore/ckeditor/4.5.7/index.html]
[www.yanceysfancy.com/templates/custom/yanceysfancy2021/js/bootstrap.min.js]
[connect.facebook.net/en_US/fbevents.js]
[www.yanceysfancy.com/cmscore/css-js/5c0460bbd2ade3497a8c6ab1377d478eb141.js]
[www.yanceysfancy.com/templates/custom/yanceysfancy2021/images/logo-yanceys-fancy.png]
[www.yanceysfancy.com/about-us.html]
[www.yanceysfancy.com/awards.html]
[www.yanceysfancy.com/login.html]
[www.yanceysfancy.com/jobs.html]
[www.yanceysfancy.com/grand-reserve.html]
[www.yanceysfancy.com/house-of-flavor.html]
[www.yanceysfancy.com/shingles.html]
[www.yanceysfancy.com/spreads.html]
[www.yanceysfancy.com/find-near-you.html]
[www.yanceysfancy.com/app/recipe/search.html]
[www.yanceysfancy.com/charcuterie.html]
[www.yanceysfancy.com/content/pages/contact-us.html]
[www.yanceysfancy.com/faq.html]
[www.yanceysfancy.com/content/images/banner/slide-house-of-flavor3.jpg]
[www.yanceysfancy.com/content/images/products/logos/house-of-flavor-gray.png]
[www.yanceysfancy.com/content/images/products/logos/trusted-house-of-flavor.png]
[www.yanceysfancy.com/content/images/banner/slide-spreads3.jpg]
[www.yanceysfancy.com/content/images/products/logos/trusted-house-of-flavor-dark.png]
[www.yanceysfancy.com/content/images/banner/slide-grand-reserve4.jpg]
[www.yanceysfancy.com/templates/custom/yanceysfancy2021/images/logo-grand-reserve.png]
[www.yanceysfancy.com/content/images/banner/slide-slices4.jpg]
[www.yanceysfancy.com/content/images/youtube.png]
[www.yanceysfancy.com/cmscore/images/loading/150x150.gif]
[www.yanceysfancy.com/cmscore/js-detect0a89.html]
[www.yanceysfancy.com/cmscore/js-detect4946.html]
[www.yanceysfancy.com/templates/custom/yanceysfancy2021/js/ekko-lightbox.min.js]
[www.yanceysfancy.com/templates/custom/yanceysfancy2021/js/jquery.matchHeight.js]
[www.yanceysfancy.com/cmscore/js/flexslider/jquery.flexslider-min.js]
[www.yanceysfancy.com/templates/custom/yanceysfancy2021/js/scripts.js]
[www.yanceysfancy.com/index.html]
[www.yanceysfancy.com/templates/custom/yanceysfancy2021/apple-touch-icon.html]
[use.typekit.net/qtl6dtl.css]
[use.typekit.net/yuy7urt.css]
[www.yanceysfancy.com/templates/custom/yanceysfancy2021/fonts/glyphicons-halflings-regular.eot]
[www.yanceysfancy.com/templates/custom/yanceysfancy2021/fonts/glyphicons-halflings-regulard41d.eot]
[www.yanceysfancy.com/templates/custom/yanceysfancy2021/fonts/glyphicons-halflings-regular.woff2]
[www.yanceysfancy.com/templates/custom/yanceysfancy2021/fonts/glyphicons-halflings-regular.woff]
[www.yanceysfancy.com/templates/custom/yanceysfancy2021/fonts/glyphicons-halflings-regular.ttf]
[www.yanceysfancy.com/templates/custom/yanceysfancy2021/css/bootstrap.min.css]
[www.yanceysfancy.com/templates/custom/yanceysfancy2021/css/ekko-lightbox.css]
[www.yanceysfancy.com/templates/custom/yanceysfancy2021/fonts/glyphicons-halflings-regular.svg]
[www.yanceysfancy.com/cmscore/js/flexslider/images/bg_direction_nav.png]
[www.yanceysfancy.com/cmscore/js/flexslider/flexslider.css]
[use.fontawesome.com/releases/v5.5.0/css/brands.css]
[use.fontawesome.com/releases/v5.5.0/css/fontawesome.css]
[www.yanceysfancy.com/templates/custom/yanceysfancy2021/images/bg-wood-light.jpg]
[www.yanceysfancy.com/templates/custom/yanceysfancy2021/images/bg_direction_nav.png]
[www.yanceysfancy.com/templates/custom/yanceysfancy2021/images/dark-wood.jpg]
[www.yanceysfancy.com/templates/custom/yanceysfancy2021/images/order-online-bg.jpg]
[www.yanceysfancy.com/templates/custom/yanceysfancy2021/images/or.png]
[www.yanceysfancy.com/templates/custom/yanceysfancy2021/images/input-field.png]
[www.yanceysfancy.com/templates/custom/yanceysfancy2021/images/inner-container-bg.gif]
[www.yanceysfancy.com/templates/custom/yanceysfancy2021/images/border.png]
[www.yanceysfancy.com/templates/custom/yanceysfancy2021/images/footer-bg.png]
[www.yanceysfancy.com/templates/custom/yanceysfancy2021/images/small-bg.png]
[www.yanceysfancy.com/templates/custom/yanceysfancy2021/css/pageb141.css]
[www.yanceysfancy.com/templates/custom/yanceysfancy2021/css/formb141.css]
[www.yanceysfancy.com/templates/front/css/form-imagedropb141.css]
[www.yanceysfancy.com/templates/front/css/form-radio-checksb141.css]
[www.yanceysfancy.com/templates/front/css/modules/rss-feedb141.css]
[www.yanceysfancy.com/templates/front/css/modules/catalog-categoriesb141.css]
[www.yanceysfancy.com/templates/front/css/modules/modulesb141.css]
[www.yanceysfancy.com/templates/front/images/quotes_open.jpg]
[www.yanceysfancy.com/templates/front/images/quotes_closed.jpg]
[www.yanceysfancy.com/cmscore/js/tiny_mce/plugins/pfforms/images/pfforms-placeholder.gif]
[www.yanceysfancy.com/templates/custom/yanceysfancy2021/css/contentb141.css]
[www.yanceysfancy.com/templates/front/css/listb141.css]
[www.yanceysfancy.com/templates/front/css/modules/MOD.ImageList.001b141.css]
[www.yanceysfancy.com/themes/blank/styleb141.css]
[www.yanceysfancy.com/themes/basic/styleb141.css]
[www.yanceysfancy.com/menus-css/mainmenu2021b141.css]
[www.yanceysfancy.com/templates/front/css/list-search-resultsb141.css]
[www.yanceysfancy.com/templates/front/images/sitemap_visited.png]
[www.yanceysfancy.com/templates/front/images/sitemap_hover.png]
[www.yanceysfancy.com/templates/front/css/sitemapb141.css]
[www.yanceysfancy.com/templates/front/css/categoriesb141.css]
[www.yanceysfancy.com/templates/front/css/overlibb141.css]
[www.yanceysfancy.com/cmscore/fonts/fontawesome-webfonte0a5.eot]
[www.yanceysfancy.com/cmscore/fonts/fontawesome-webfontd41d.eot]
[www.yanceysfancy.com/cmscore/fonts/fontawesome-webfonte0a5.woff]
[www.yanceysfancy.com/cmscore/fonts/fontawesome-webfonte0a5.ttf]
[www.yanceysfancy.com/cmscore/css/font-awesomeb141.css]
[www.yanceysfancy.com/cmscore/css/form-website-fieldb141.css]
[www.yanceysfancy.com/cmscore/ckeditor/4.5.7/index.html]
[www.yanceysfancy.com/cmscore/fonts/fontawesome-webfonte0a5.svg]
[www.yanceysfancy.com/c]
[www.yanceysfancy.com/b]
[www.yanceysfancy.com/POST]
[connect.facebook.net/en_US/fbevents.js]
[www.yanceysfancy.com/content/images/leo_kutter.jpg]
[www.yanceysfancy.com/content/images/kutter_factory.gif]
[www.yanceysfancy.com/about-us.html]
[www.yanceysfancy.com/awards.html]
[www.yanceysfancy.com/templates/favicon.ico]
[www.yanceysfancy.com/cmscore/css-js/bcbbb91b2c06df9f7b91636fbc01de50b141.js]
[www.yanceysfancy.com/templates/back/css/pageb141.css]
[www.yanceysfancy.com/templates/back/css/formb141.css]
[www.yanceysfancy.com/templates/back/css/popup-shadowsb141.css]
[www.yanceysfancy.com/templates/back/css/popup-windowsb141.css]
[www.yanceysfancy.com/templates/back/css/overlibb141.css]
[www.yanceysfancy.com/templates/back/css/login-formb141.css]
[www.yanceysfancy.com/templates/back/css/listb141.css]
[www.yanceysfancy.com/templates/back/css/treeb141.css]
[www.yanceysfancy.com/cmscore/css/growlerb141.css]
[www.yanceysfancy.com/cmscore/js/dojo/dijit/themes/dijitb141.css]
[www.yanceysfancy.com/cmscore/js/dojo/dijit/themes/claro/clarob141.css]
[www.yanceysfancy.com/app/templates/back/images/login-box-backer.png]
[www.yanceysfancy.com/login.html]
[www.yanceysfancy.com/forgot-password.html]
[www.yanceysfancy.com/templates/custom/yanceysfancy2021/css/jobboardb141.css]
[www.yanceysfancy.com/jobs/search.html]
[www.yanceysfancy.com/jobs/view/71d8bda18bf259bddfd63e7bf069f067.html]
[www.yanceysfancy.com/cmscore/images/icons/jobboard-view.gif]
[www.yanceysfancy.com/resume-submission2be2.html]
[www.yanceysfancy.com/cmscore/images/icons/jobboard-apply.gif]
[www.yanceysfancy.com/jobs/view/135731312dadfb754b82a10b2517a0a7.html]
[www.yanceysfancy.com/resume-submission913b.html]
[www.yanceysfancy.com/jobs/view/7a3be2b3381db0287cc55d8638d38919.html]
[www.yanceysfancy.com/resume-submission24a2.html]
[www.yanceysfancy.com/jobs/view/479a99cf68cdbf173e4dc02d3a78cd65.html]
[www.yanceysfancy.com/resume-submission0070.html]
[www.yanceysfancy.com/jobs/view/dfcad62181a08e92698e9b724c7fb62e.html]
[www.yanceysfancy.com/resume-submission781b.html]
[www.yanceysfancy.com/jobs/view/3300ab33a3e5a186b05a85cc64b62917.html]
[www.yanceysfancy.com/jobs.html]
[www.yanceysfancy.com/resume-submission3bcd.html]
[www.yanceysfancy.com/content/images/products/logos/logo-grand-reserve.png]
[www.yanceysfancy.com/grand-reserve-gouda.html]
[www.yanceysfancy.com/content/images/products/grand-reserve/GR-Gouda-EW-Wedge.png]
[www.yanceysfancy.com/grand-reserve-bergenost-havarti.html]
[www.yanceysfancy.com/content/images/products/grand-reserve/GR-Bergenost-Havarti-EW-Wedge-FR.png]
[www.yanceysfancy.com/grand-reserve-chastinet-asiago.html]
[www.yanceysfancy.com/content/images/products/grand-reserve/GR-Chastinet-Asiago-EW-Wedge-FR.png]
[www.yanceysfancy.com/grand-reserve.html]
[www.yanceysfancy.com/content/images/products/logos/logo-house-of-flavor.png]
[www.yanceysfancy.com/flavor/apple-pie-cheddar.html]
[www.yanceysfancy.com/content/images/products/wedges/wedge-Apple-Pie-Cheddar.png]
[www.yanceysfancy.com/flavor/bacon-cheddar.html]
[www.yanceysfancy.com/content/images/products/wedges/Bacon-Cheddar-EW-Wedge-FR.png]
[www.yanceysfancy.com/flavor/bacon-ranch-cheddar.html]
[www.yanceysfancy.com/content/images/products/wedges/Bacon-Ranch-EW-Wedge-FR.png]
[www.yanceysfancy.com/flavor/buffalo-wing-cheddar.html]
[www.yanceysfancy.com/content/images/products/wedges/wedge-buffalo-wing-hot-sauce-cheddar.png]
[www.yanceysfancy.com/flavor/champagne-cheddar.html]
[www.yanceysfancy.com/content/images/products/wedges/wedge-champagne.png]
[www.yanceysfancy.com/flavor/ghost-pepper-cheddar.html]
[www.yanceysfancy.com/content/images/products/wedges/Ghost-Pepper-EW-Wedge-FR.png]
[www.yanceysfancy.com/content/images/products/wedges/Habanero-Jalapeno-EW-Wedge-FR.png]
[www.yanceysfancy.com/flavor/hatch-chile-cheddar.html]
[www.yanceysfancy.com/content/images/products/wedges/Hatch-Chile-EW-Wedge-FR.png]
[www.yanceysfancy.com/flavor/habanero-jalapeno-cheddar.html]
[www.yanceysfancy.com/flavor/horseradish-cheddar.html]
[www.yanceysfancy.com/content/images/products/wedges/Horseradish-EW-Wedge-FR.png]
[www.yanceysfancy.com/flavor/horseradish-with-smoked-bacon-cheddar.html]
[www.yanceysfancy.com/content/images/products/wedges/Horseradish-Bacon-EW-Wedge-FR.png]
[www.yanceysfancy.com/flavor/jalapeno-cayenne-cheddar.html]
[www.yanceysfancy.com/content/images/products/wedges/Jalapeno-Cayenne-EW-Wedge-FR.png]
[www.yanceysfancy.com/flavor/jalapeno-peppadew-cheddar.html]
[www.yanceysfancy.com/content/images/products/wedges/Jalapeno-Peppadew-EW-Wedge-FR.png]
[www.yanceysfancy.com/flavor/killer-dill-cheddar.html]
[www.yanceysfancy.com/content/images/products/wedges/Killer-Dill-EW-Wedge-FR.png]
[www.yanceysfancy.com/flavor/maple-bacon-cheddar.html]
[www.yanceysfancy.com/content/images/products/wedges/wedge-maple-bacon.png]
[www.yanceysfancy.com/flavor/peppadew-cheddar.html]
[www.yanceysfancy.com/content/images/products/wedges/Peppadew-EW-Wedge-FR.png]
[www.yanceysfancy.com/flavor/pepperoni-cheddar.html]
[www.yanceysfancy.com/content/images/products/wedges/Pepperoni-EW-Wedge-FR.png]
[www.yanceysfancy.com/flavor/roasted-garlic-cheddar.html]
[www.yanceysfancy.com/content/images/products/wedges/Roasted-Garlic-EW-Wedge-FR-NP-NL.png]
[www.yanceysfancy.com/flavor/smoked-gouda.html]
[www.yanceysfancy.com/content/images/products/wedges/smoke-gouda.png]
[www.yanceysfancy.com/flavor/smoked-gouda-with-bacon.html]
[www.yanceysfancy.com/content/images/products/wedges/Smoked-Gouda-Bacon-EW-Wedge-FR.png]
[www.yanceysfancy.com/flavor/steakhouse-onion-cheddar.html]
[www.yanceysfancy.com/content/images/products/wedges/wedge-Steakhouse-Onion.png]
[www.yanceysfancy.com/flavor/strawberry-chardonnay-cheddar.html]
[www.yanceysfancy.com/content/images/products/wedges/wedge-Strawberry-Chardonnay.png]
[www.yanceysfancy.com/flavor/hot-wasabi-horseradish-cheddar.html]
[www.yanceysfancy.com/content/images/products/wedges/Wasabi-Horseradish-EW-Wedge-FR.png]
[www.yanceysfancy.com/house-of-flavor.html]
[www.yanceysfancy.com/content/images/products/shingles/8oz-Buffalo-Wing-Shingle.jpg]
[www.yanceysfancy.com/content/images/products/shingles/8oz-Horseradish-Shingle.jpg]
[www.yanceysfancy.com/content/images/products/shingles/8oz-Jalapeno-Cayenne.jpg]
[www.yanceysfancy.com/content/images/products/shingles/8oz-Roasted-Garlic-Shingle.png]
[www.yanceysfancy.com/content/images/products/shingles/2lb-Buffalo-Wing-Shingle.jpg]
[www.yanceysfancy.com/content/images/products/shingles/2lb-Horseradish-Shingle.jpg]
[www.yanceysfancy.com/content/images/products/shingles/2lb-Jalapeno-Cayenne-Shingle.png]
[www.yanceysfancy.com/content/images/products/shingles/2lb-Steakhouse-Onion-Shingle.png]
[www.yanceysfancy.com/shingles.html]
[www.yanceysfancy.com/content/images/products/spreads/Buffalo-Wing-Spread.jpg]
[www.yanceysfancy.com/content/images/products/spreads/Hatch-Chile-Spread.jpg]
[www.yanceysfancy.com/content/images/products/spreads/Horseradish-Scallion-Spread.jpg]
[www.yanceysfancy.com/spreads.html]
[www.yanceysfancy.com/content/images/locations/abc-fine-wine-spirits.jpg]
[www.yanceysfancy.com/content/images/locations/acme.jpg]
[www.yanceysfancy.com/content/images/locations/ag-new-england.jpg]
[www.yanceysfancy.com/content/images/locations/albertsons.png]
[www.yanceysfancy.com/content/images/locations/associated-food-stores.jpg]
[www.yanceysfancy.com/content/images/locations/bjs.jpg]
[www.yanceysfancy.com/content/images/locations/brookshires.jpg]
[www.yanceysfancy.com/content/images/locations/byrne-dairy-and-deli.jpg]
[www.yanceysfancy.com/content/images/locations/epicurean-foods.jpg]
[www.yanceysfancy.com/content/images/locations/food-lion.jpg]
[www.yanceysfancy.com/content/images/locations/giant-eagle.jpg]
[www.yanceysfancy.com/content/images/locations/HEB.jpg]
[www.yanceysfancy.com/content/images/locations/hannaford.jpg]
[www.yanceysfancy.com/content/images/locations/harris-teeter.jpg]
[www.yanceysfancy.com/content/images/locations/ingles.jpg]
[www.yanceysfancy.com/content/images/locations/jewel-osco.jpg]
[www.yanceysfancy.com/content/images/locations/key-food.jpg]
[www.yanceysfancy.com/content/images/locations/market-32.jpg]
[www.yanceysfancy.com/content/images/locations/market-basket.jpg]
[www.yanceysfancy.com/content/images/locations/peterson-company.jpg]
[www.yanceysfancy.com/content/images/locations/price-chopper.jpg]
[www.yanceysfancy.com/content/images/locations/publix.png]
[www.yanceysfancy.com/content/images/locations/raleys.jpg]
[www.yanceysfancy.com/content/images/locations/redners.jpg]
[www.yanceysfancy.com/content/images/locations/roche-bros.jpg]
[www.yanceysfancy.com/content/images/locations/rosauers.jpg]
[www.yanceysfancy.com/content/images/locations/safeway.jpg]
[www.yanceysfancy.com/content/images/locations/sams-club.jpg]
[www.yanceysfancy.com/content/images/locations/sauders.jpg]
[www.yanceysfancy.com/content/images/locations/shop-n-save.jpg]
[www.yanceysfancy.com/content/images/locations/shop-rite.jpg]
[www.yanceysfancy.com/content/images/locations/smart-final-logo-new.png]
[www.yanceysfancy.com/content/images/locations/southeastern-grocers.jpg]
[www.yanceysfancy.com/content/images/locations/sprouts.jpg]
[www.yanceysfancy.com/content/images/locations/stew-leonards.jpg]
[www.yanceysfancy.com/content/images/locations/stop-and-shop.jpg]
[www.yanceysfancy.com/content/images/locations/super-foods.jpg]
[www.yanceysfancy.com/content/images/locations/the-fresh-market.jpg]
[www.yanceysfancy.com/content/images/locations/giant.jpg]
[www.yanceysfancy.com/content/images/locations/tonys-fine-foods.jpg]
[www.yanceysfancy.com/content/images/locations/tops-friendly-markets.jpg]
[www.yanceysfancy.com/content/images/locations/UNFI-fresh.jpg]
[www.yanceysfancy.com/content/images/locations/walmart.jpg]
[www.yanceysfancy.com/content/images/locations/weis-markets.jpg]
[www.yanceysfancy.com/content/images/locations/winn-dixie.png]
[www.yanceysfancy.com/content/images/locations/yokes-fresh-market.jpg]
[www.yanceysfancy.com/find-near-you.html]
[www.yanceysfancy.com/templates/custom/yanceysfancy2021/css/custom_recipecard_searchb141.css]
[www.yanceysfancy.com/cmscore/js/lightbox-responsive/css/fancyboxb141.css]
[www.yanceysfancy.com/cmscore/css-js/d8ce87ed4e6252baa25c5e6cca23a00db141.js]
[www.yanceysfancy.com/app/recipe/search/resume4658.html]
[www.yanceysfancy.com/app/recipe/sweet-potato-nachos.html]
[www.yanceysfancy.com/documents/2021/sweet-potato-nachos.jpg]
[www.yanceysfancy.com/app/recipe/horseradish-cheddar-bacon-stuffed-burgers.html]
[www.yanceysfancy.com/documents/2021/horseradish-cheddar-bacon-stuffed-burger.jpg]
[www.yanceysfancy.com/app/recipe/slow-cooker-maple-dijon-pulled-pork-melts.html]
[www.yanceysfancy.com/documents/2021/slow-cooker-maple-dijon-pulled-pork-melts.jpg]
[www.yanceysfancy.com/app/recipe/georgian-style-khachapuri-egg-bread-with-spicy-tomato-dip.html]
[www.yanceysfancy.com/documents/2021/georgian-style-khachapuri-egg-bread.jpg]
[www.yanceysfancy.com/app/recipe/farmers-market-hash-with-poached-egg.html]
[www.yanceysfancy.com/documents/2021/farmers-market-hash-poached-egg.jpg]
[www.yanceysfancy.com/app/recipe/cherry-tomato-cobbler.html]
[www.yanceysfancy.com/documents/2021/cherry-tomato-cobbler.jpg]
[www.yanceysfancy.com/app/recipe/cheddar-boxty-with-horseradish-sauce.html]
[www.yanceysfancy.com/documents/2021/cheddar-boxty-horseradish-sauce.jpg]
[www.yanceysfancy.com/app/recipe/cauliflower-mac-cheese.html]
[www.yanceysfancy.com/documents/2021/cauliflower-mac-and-cheese.jpg]
[www.yanceysfancy.com/app/recipe/cauliflower-garbanzo-nachos.html]
[www.yanceysfancy.com/documents/2021/cauliflower-garbanzo-nachos.jpg]
[www.yanceysfancy.com/app/recipe/breakfast-salad-with-avocado-toast.html]
[www.yanceysfancy.com/documents/2021/breakfast-salad.jpg]
[www.yanceysfancy.com/app/recipe/barbeque-chicken-pizza-dip.html]
[www.yanceysfancy.com/documents/2021/bbq-chicken-pizza-dip.jpg]
[www.yanceysfancy.com/app/recipe/beef-on-weck-pizza.html]
[www.yanceysfancy.com/documents/2021/beef-on-weck-pizza.jpg]
[www.yanceysfancy.com/app/recipe/search.html]
[www.yanceysfancy.com/charcuterie/scare-cuterie.html]
[www.yanceysfancy.com/content/images/charcuterie/scare-cuterie.jpg]
[www.yanceysfancy.com/charcuterie-valentines-day-board.html]
[www.yanceysfancy.com/content/images/charcuterie/valentine-charcuterie.jpg]
[www.yanceysfancy.com/charcuterie/harvest-charcuterie-board.html]
[www.yanceysfancy.com/content/images/charcuterie/harvest-charcuterie.jpg]
[www.yanceysfancy.com/charcuterie/holiday-charcuterie-board.html]
[www.yanceysfancy.com/content/images/charcuterie/holiday-charcuterie.jpg]
[www.yanceysfancy.com/charcuterie/grand-reserve-charcuterie-board.html]
[www.yanceysfancy.com/content/images/charcuterie/grand-reserve-charcuterie.jpg]
[www.yanceysfancy.com/charcuterie/holiday-cheese-wreath.html]
[www.yanceysfancy.com/content/images/charcuterie/holiday-cheese-wreath.jpg]
[www.yanceysfancy.com/charcuterie.html]
[www.google.com/recaptcha/api44cf.js]
[www.yanceysfancy.com/content/pages/contact-us.html]
[www.yanceysfancy.com/faq.html]
[www.yanceysfancy.com/content/images/youtube.html]
[www.yanceysfancy.com/cmscore/js-detect0a89.html]
[www.yanceysfancy.com/cmscore/js-detect4946.html]
[p.typekit.net/p48b8.css]
[p.typekit.net/p3490.css]
[www.yanceysfancy.com/templates/custom/yanceysfancy2021/fonts/glyphicons-halflings-regular.html]
[www.yanceysfancy.com/templates/custom/yanceysfancy2021/fonts/glyphicons-halflings-regular.svg]
[www.yanceysfancy.com/cmscore/fonts/fontawesome-webfonte0a5.html]
[www.yanceysfancy.com/cmscore/fonts/fontawesome-webfonte0a5.svg]
[www.yanceysfancy.com/c.html]
[www.yanceysfancy.com/b.html]
[www.yanceysfancy.com/POST.html]
[www.yanceysfancy.com/templates/back/css/hawtness.css]
[www.yanceysfancy.com/templates/back/images/background.gif]
[www.yanceysfancy.com/templates/back/images/titlebar_left.gif]
[www.yanceysfancy.com/templates/back/images/menubar_left.gif]
[www.yanceysfancy.com/fission/images/button-submit-idea.png]
[www.yanceysfancy.com/fission/images/button-submit-help.png]
[www.yanceysfancy.com/templates/back/css/pageb141.css]
[www.yanceysfancy.com/templates/back/images/buttons/submit-background.gif]
[www.yanceysfancy.com/cmscore/images/buttons/spinner_updown.gif]
[www.yanceysfancy.com/templates/back/css/formb141.css]
[www.yanceysfancy.com/cmscore/images/shadows/low/vertical-shadow.png]
[www.yanceysfancy.com/cmscore/images/shadows/low/horizontal-shadow.png]
[www.yanceysfancy.com/cmscore/images/shadows/low/corner-shadow.png]
[www.yanceysfancy.com/templates/back/images/titlebar_bg.gif]
[www.yanceysfancy.com/templates/back/images/pu_top_left_corner.gif]
[www.yanceysfancy.com/templates/back/images/pu_top_right_corner.gif]
[www.yanceysfancy.com/templates/back/css/popup-shadowsb141.css]
[www.yanceysfancy.com/templates/back/images/popup/pu-titlebar-bg.gif]
[www.yanceysfancy.com/templates/back/images/popup/pu-titlebar-left.gif]
[www.yanceysfancy.com/templates/back/images/popup/pu-titlebar-right.gif]
[www.yanceysfancy.com/templates/back/images/popup/pu-drag-icon.gif]
[www.yanceysfancy.com/templates/back/css/popup-windowsb141.css]
[www.yanceysfancy.com/templates/back/css/overlibb141.css]
[www.yanceysfancy.com/templates/back/css/login-formb141.css]
[www.yanceysfancy.com/cmscore/images/icons/file-types/csv.png]
[www.yanceysfancy.com/templates/back/css/listb141.css]
[www.yanceysfancy.com/templates/back/css/treeb141.css]
[www.yanceysfancy.com/cmscore/js/growler/1.0.0/images/macosx.jpg]
[www.yanceysfancy.com/cmscore/js/growler/1.0.0/images/macosx_exit.png]
[www.yanceysfancy.com/cmscore/js/growler/1.0.0/images/macosx_exit_over.png]
[www.yanceysfancy.com/cmscore/js/growler/1.0.0/images/candybars.jpg]
[www.yanceysfancy.com/cmscore/js/growler/1.0.0/images/atwork.png]
[www.yanceysfancy.com/cmscore/css/growlerb141.css]
[www.yanceysfancy.com/cmscore/js/dojo/dijit/themes/dijitb141.css]
[www.yanceysfancy.com/cmscore/js/dojo/dijit/themes/dijit.css]
[www.yanceysfancy.com/cmscore/js/dojo/dijit/icons/commonIcons.css]
[www.yanceysfancy.com/cmscore/js/dojo/dijit/themes/claro/Common.css]
[www.yanceysfancy.com/cmscore/js/dojo/dijit/themes/claro/form/Common.css]
[www.yanceysfancy.com/cmscore/js/dojo/dijit/themes/claro/form/Button.css]
[www.yanceysfancy.com/cmscore/js/dojo/dijit/themes/claro/form/Checkbox.css]
[www.yanceysfancy.com/cmscore/js/dojo/dijit/themes/claro/form/RadioButton.css]
[www.yanceysfancy.com/cmscore/js/dojo/dijit/themes/claro/form/Select.css]
[www.yanceysfancy.com/cmscore/js/dojo/dijit/themes/claro/layout/TabContainer.css]
[www.yanceysfancy.com/cmscore/js/dojo/dijit/themes/claro/Dialog.css]
[www.yanceysfancy.com/cmscore/js/dojo/dijit/themes/claro/layout/AccordionContainer.css]
[www.yanceysfancy.com/cmscore/js/dojo/dijit/themes/claro/layout/ContentPane.css]
[www.yanceysfancy.com/cmscore/js/dojo/dijit/themes/claro/Calendar.css]
[www.yanceysfancy.com/cmscore/js/dojo/dijit/themes/claro/Menu.css]
[www.yanceysfancy.com/cmscore/js/dojo/dijit/themes/claro/form/Slider.css]
[www.yanceysfancy.com/cmscore/js/dojo/dijit/themes/claro/ColorPalette.css]
[www.yanceysfancy.com/cmscore/js/dojo/dijit/themes/claro/InlineEditBox.css]
[www.yanceysfancy.com/cmscore/js/dojo/dijit/themes/claro/ProgressBar.css]
[www.yanceysfancy.com/cmscore/js/dojo/dijit/themes/claro/TimePicker.css]
[www.yanceysfancy.com/cmscore/js/dojo/dijit/themes/claro/layout/BorderContainer.css]
[www.yanceysfancy.com/cmscore/js/dojo/dijit/themes/claro/Tree.css]
[www.yanceysfancy.com/cmscore/js/dojo/dijit/themes/claro/Toolbar.css]
[www.yanceysfancy.com/cmscore/js/dojo/dijit/themes/claro/Editor.css]
[www.yanceysfancy.com/cmscore/js/dojo/dijit/icons/editorIcons.css]
[www.yanceysfancy.com/cmscore/js/dojo/dijit/themes/claro/TitlePane.css]
[www.yanceysfancy.com/cmscore/js/dojo/dijit/themes/claro/form/NumberSpinner.css]
[www.yanceysfancy.com/cmscore/js/dojo/dijit/themes/claro/claro_rtl.css]
[www.yanceysfancy.com/cmscore/js/dojo/dijit/themes/claro/clarob141.css]
[www.yanceysfancy.com/templates/back/css/forgotten-passwordb141.css]
[www.yanceysfancy.com/forgot-password.html]
[www.yanceysfancy.com/templates/custom/yanceysfancy2021/css/jobboardb141.css]
[www.yanceysfancy.com/login-2.html]
[www.yanceysfancy.com/jobs/search.html]
[www.yanceysfancy.com/jobs/view/71d8bda18bf259bddfd63e7bf069f067.html]
[www.yanceysfancy.com/resume-submission2be2.html]
[www.yanceysfancy.com/jobs/view/135731312dadfb754b82a10b2517a0a7.html]
[www.yanceysfancy.com/resume-submission913b.html]
[www.yanceysfancy.com/jobs/view/7a3be2b3381db0287cc55d8638d38919.html]
[www.yanceysfancy.com/resume-submission24a2.html]
[www.yanceysfancy.com/jobs/view/479a99cf68cdbf173e4dc02d3a78cd65.html]
[www.yanceysfancy.com/resume-submission0070.html]
[www.yanceysfancy.com/jobs/view/dfcad62181a08e92698e9b724c7fb62e.html]
[www.yanceysfancy.com/resume-submission781b.html]
[www.yanceysfancy.com/jobs/view/3300ab33a3e5a186b05a85cc64b62917.html]
[www.yanceysfancy.com/resume-submission3bcd.html]
[www.yanceysfancy.com/content/images/products/flavor-page/GR-Gouda-1.jpg]
[www.yanceysfancy.com/content/images/products/flavor-page/titles/gouda-title.png]
[www.yanceysfancy.com/content/images/nutrition-facts/GR-Gouda-Nutritional.png]
[www.yanceysfancy.com/content/images/products/grand-reserve/flavors-reserve.jpg]
[www.yanceysfancy.com/grand-reserve-gouda.html]
[www.yanceysfancy.com/content/images/products/flavor-page/main-bergenost-havarti.jpg]
[www.yanceysfancy.com/content/images/products/flavor-page/titles/bergenost-havarti-title.png]
[www.yanceysfancy.com/content/images/nutrition-facts/GR-Berg-Havarti-Nutritional.png]
[www.yanceysfancy.com/grand-reserve-bergenost-havarti.html]
[www.yanceysfancy.com/content/images/products/flavor-page/GR-Chastinet-Asiago.jpg]
[www.yanceysfancy.com/content/images/products/flavor-page/titles/Chastinet-Asiago-title.png]
[www.yanceysfancy.com/content/images/nutrition-facts/GR-Chastinet-Asiago-Nutritional.png]
[www.yanceysfancy.com/grand-reserve-chastinet-asiago.html]
[www.yanceysfancy.com/content/images/products/house-of-flavor/main-apple-pie-cheddar.jpg]
[www.yanceysfancy.com/content/images/nutrition-facts/Apple-Pie-EW-Nutritional.png]
[www.yanceysfancy.com/flavor/apple-pie-cheddar.html]
[www.yanceysfancy.com/content/images/products/house-of-flavor/main-bacon-cheddar.jpg]
[www.yanceysfancy.com/content/images/nutrition-facts/Bacon-Cheddar-EW-Nutritional.png]
[www.yanceysfancy.com/flavor/bacon-cheddar.html]
[www.yanceysfancy.com/content/images/products/house-of-flavor/main-bacon-ranch-cheddar.jpg]
[www.yanceysfancy.com/content/images/nutrition-facts/Bacon-Ranch-Cheddar-EW-Nutritional.png]
[www.yanceysfancy.com/flavor/bacon-ranch-cheddar.html]
[www.yanceysfancy.com/content/images/products/house-of-flavor/main-buffalo-wing-hot-sauce-cheddar.jpg]
[www.yanceysfancy.com/content/images/nutrition-facts/Buffalo-Wing-EW-Nutritional.png]
[www.yanceysfancy.com/flavor/buffalo-wing-cheddar.html]
[www.yanceysfancy.com/content/images/products/house-of-flavor/main-champagne.jpg]
[www.yanceysfancy.com/content/images/nutrition-facts/Champagne-Cheddar-EW-Nutritional.png]
[www.yanceysfancy.com/flavor/champagne-cheddar.html]
[www.yanceysfancy.com/content/images/products/house-of-flavor/main-ghost-pepper.jpg]
[www.yanceysfancy.com/content/images/nutrition-facts/Ghost-Pepper-Cheddar-EW-Nutritional.png]
[www.yanceysfancy.com/flavor/ghost-pepper-cheddar.html]
[www.yanceysfancy.com/content/images/products/house-of-flavor/main-habanero-jalapeno.jpg]
[www.yanceysfancy.com/content/images/nutrition-facts/Habanero-Jalapeno-Cheddar-EW-Nutritional.png]
[www.yanceysfancy.com/flavor/habanero-jalapeno-cheddar.html]
[www.yanceysfancy.com/content/images/products/house-of-flavor/main-hatch-chile-cheddar.jpg]
[www.yanceysfancy.com/content/images/nutrition-facts/Hatch-Chile-Cheddar-EW-Nutritional.png]
[www.yanceysfancy.com/flavor/hatch-chile-cheddar.html]
[www.yanceysfancy.com/content/images/products/house-of-flavor/main-horseradish.jpg]
[www.yanceysfancy.com/content/images/nutrition-facts/Horseradish-Cheddar-EW-Nutritional.png]
[www.yanceysfancy.com/flavor/horseradish-cheddar.html]
[www.yanceysfancy.com/content/images/products/house-of-flavor/main-horseradish-bacon.jpg]
[www.yanceysfancy.com/content/images/nutrition-facts/Horseradish-Bacon-Cheddar-EW-Nutritional.png]
[www.yanceysfancy.com/flavor/horseradish-with-smoked-bacon-cheddar.html]
[www.yanceysfancy.com/content/images/products/house-of-flavor/main-jalapeno-cayenne.jpg]
[www.yanceysfancy.com/content/images/nutrition-facts/Jalpeno-Cayenne-Cheddar-EW-Nutritional.png]
[www.yanceysfancy.com/flavor/jalapeno-cayenne-cheddar.html]
[www.yanceysfancy.com/content/images/products/house-of-flavor/main-jalapeno-peppadew.jpg]
[www.yanceysfancy.com/content/images/nutrition-facts/Jalpeno-Peppadew-Cheddar-EW-Nutritional.png]
[www.yanceysfancy.com/flavor/jalapeno-peppadew-cheddar.html]
[www.yanceysfancy.com/content/images/products/house-of-flavor/main-killer-dill.jpg]
[www.yanceysfancy.com/content/images/nutrition-facts/Killer-Dill-Cheddar-EW-Nutritional.png]
[www.yanceysfancy.com/flavor/killer-dill-cheddar.html]
[www.yanceysfancy.com/content/images/products/house-of-flavor/main-maple-bacon.jpg]
[www.yanceysfancy.com/content/images/nutrition-facts/Maple-Bacon-Cheddar-EW-Nutritional.png]
[www.yanceysfancy.com/flavor/maple-bacon-cheddar.html]
[www.yanceysfancy.com/content/images/products/house-of-flavor/main-peppadew.jpg]
[www.yanceysfancy.com/content/images/nutrition-facts/Peppadew-Cheddar-EW-Nutritional.png]
[www.yanceysfancy.com/flavor/peppadew-cheddar.html]
[www.yanceysfancy.com/content/images/products/house-of-flavor/main-pepperoni.jpg]
[www.yanceysfancy.com/content/images/nutrition-facts/Pepperoni-Cheddar-EW-Nutritional.png]
[www.yanceysfancy.com/flavor/pepperoni-cheddar.html]
[www.yanceysfancy.com/content/images/products/house-of-flavor/main-roasted-garlic.jpg]
[www.yanceysfancy.com/content/images/nutrition-facts/Roasted-Garlic-Cheddar-EW-Nutritional.png]
[www.yanceysfancy.com/flavor/roasted-garlic-cheddar.html]
[www.yanceysfancy.com/content/images/products/house-of-flavor/smoked-gouda-main-page-REVwhite3.jpg]
[www.yanceysfancy.com/content/images/nutrition-facts/Smoked-Gouda-EW-Nutritional.png]
[www.yanceysfancy.com/flavor/smoked-gouda.html]
[www.yanceysfancy.com/content/images/products/house-of-flavor/main-smoked-gouda-w-Bacon.jpg]
[www.yanceysfancy.com/content/images/nutrition-facts/Smoked-Gouda-Bacon-EW-Nutritional.png]
[www.yanceysfancy.com/flavor/smoked-gouda-with-bacon.html]
[www.yanceysfancy.com/content/images/products/house-of-flavor/main-steakhouse-onion.jpg]
[www.yanceysfancy.com/content/images/nutrition-facts/Steakhouse-Onion-Cheddar-EW-Nutritional.png]
[www.yanceysfancy.com/flavor/steakhouse-onion-cheddar.html]
[www.yanceysfancy.com/content/images/products/house-of-flavor/main-strawberry-chardonnay-cheddar.jpg]
[www.yanceysfancy.com/content/images/nutrition-facts/Strawberry-Chardonnay-Cheddar-EW-Nutritional.png]
[www.yanceysfancy.com/flavor/strawberry-chardonnay-cheddar.html]
[www.yanceysfancy.com/content/images/products/house-of-flavor/main-hot-wasabi-horseradish.jpg]
[www.yanceysfancy.com/content/images/nutrition-facts/Wasabi-Horseradish-Cheddar-EW-Nutritional.png]
[www.yanceysfancy.com/flavor/hot-wasabi-horseradish-cheddar.html]
[www.yanceysfancy.com/templates/custom/yanceysfancy2021/css/custom_recipecard_searchb141.css]
[www.yanceysfancy.com/cmscore/js/lightbox-responsive/css/fancyboxb141.css]
[www.yanceysfancy.com/app/recipe/search/resume2679.html]
[www.yanceysfancy.com/app/recipe/buffalo-wing-deviled-eggs.html]
[www.yanceysfancy.com/documents/2021/buffalo-wing-deviled-eggs.jpg]
[www.yanceysfancy.com/app/recipe/buffalo-wing-flatbread.html]
[www.yanceysfancy.com/documents/2021/buffalo-wing-flatbread.jpg]
[www.yanceysfancy.com/app/recipe/yanceys-french-dip.html]
[www.yanceysfancy.com/documents/2021/yanceys-french-dip.jpg]
[www.yanceysfancy.com/app/recipe/hatch-chile-cheeseburgers.html]
[www.yanceysfancy.com/documents/2021/hatch-chile-cheeseburger.jpg]
[www.yanceysfancy.com/app/recipe/hatch-chile-fettuccine-alfredo.html]
[www.yanceysfancy.com/documents/2021/hatch-chile-fettucine-alfredo.jpg]
[www.yanceysfancy.com/app/recipe/hatch-chile-queso.html]
[www.yanceysfancy.com/documents/2021/Hatch Queso DSC_1007_2.jpg]
[www.yanceysfancy.com/app/recipe/breakfast-quesadillas.html]
[www.yanceysfancy.com/documents/2022/breakfast-quesadilla-2.jpg]
[www.yanceysfancy.com/app/recipe/grilled-pineapple-chicken-quesadillas.html]
[www.yanceysfancy.com/documents/2022/grilled-pineapple-chicken-quesadillas-2.jpg]
[www.yanceysfancy.com/app/recipe/smoky-puff-pastry-asparagus-bundles-with-almond-honey.html]
[www.yanceysfancy.com/documents/2022/puff-pastry-asparagus-bundles-2.jpg]
[www.yanceysfancy.com/app/recipe/killer-dill-biscuits.html]
[www.yanceysfancy.com/documents/2022/KIller-Dill-Biscuit.jpg]
[www.yanceysfancy.com/app/recipe/apple-pie-cheddar-artisan-bread.html]
[www.yanceysfancy.com/documents/2022/apple-pie.html]
[www.yanceysfancy.com/app/recipe/search/resume4658.html]
[www.yanceysfancy.com/app/recipe/sweet-potato-nachos.html]
[www.yanceysfancy.com/app/recipe/horseradish-cheddar-bacon-stuffed-burgers.html]
[www.yanceysfancy.com/app/recipe/slow-cooker-maple-dijon-pulled-pork-melts.html]
[www.yanceysfancy.com/app/recipe/georgian-style-khachapuri-egg-bread-with-spicy-tomato-dip.html]
[www.yanceysfancy.com/app/recipe/farmers-market-hash-with-poached-egg.html]
[www.yanceysfancy.com/app/recipe/cherry-tomato-cobbler.html]
[www.yanceysfancy.com/app/recipe/cheddar-boxty-with-horseradish-sauce.html]
[www.yanceysfancy.com/app/recipe/cauliflower-mac-cheese.html]
[www.yanceysfancy.com/app/recipe/cauliflower-garbanzo-nachos.html]
[www.yanceysfancy.com/app/recipe/breakfast-salad-with-avocado-toast.html]
[www.yanceysfancy.com/app/recipe/barbeque-chicken-pizza-dip.html]
[www.yanceysfancy.com/app/recipe/beef-on-weck-pizza.html]
[www.yanceysfancy.com/charcuterie/scare-cuterie.html]
[www.yanceysfancy.com/charcuterie-valentines-day-board.html]
[www.yanceysfancy.com/charcuterie/harvest-charcuterie-board.html]
[www.yanceysfancy.com/charcuterie/holiday-charcuterie-board.html]
[www.yanceysfancy.com/charcuterie/grand-reserve-charcuterie-board.html]
[www.yanceysfancy.com/charcuterie/holiday-cheese-wreath.html]
[www.yanceysfancy.com/templates/back/css/hawtness.css]
[www.yanceysfancy.com/templates/back/images/pu_top_left_corner.html]
[www.yanceysfancy.com/templates/back/images/pu_top_right_corner.html]
[www.yanceysfancy.com/cmscore/js/dojo/dijit/themes/dijit.css]
[www.yanceysfancy.com/cmscore/js/dojo/dijit/icons/commonIcons.css]
[www.yanceysfancy.com/cmscore/js/dojo/dijit/themes/claro/Common.css]
[www.yanceysfancy.com/cmscore/js/dojo/dijit/themes/claro/form/Common.css]
[www.yanceysfancy.com/cmscore/js/dojo/dijit/themes/claro/form/Button.css]
[www.yanceysfancy.com/cmscore/js/dojo/dijit/themes/claro/form/Checkbox.css]
[www.yanceysfancy.com/cmscore/js/dojo/dijit/themes/claro/form/RadioButton.css]
[www.yanceysfancy.com/cmscore/js/dojo/dijit/themes/claro/form/Select.css]
[www.yanceysfancy.com/cmscore/js/dojo/dijit/themes/claro/layout/TabContainer.css]
[www.yanceysfancy.com/cmscore/js/dojo/dijit/themes/claro/Dialog.css]
[www.yanceysfancy.com/cmscore/js/dojo/dijit/themes/claro/layout/AccordionContainer.css]
[www.yanceysfancy.com/cmscore/js/dojo/dijit/themes/claro/layout/ContentPane.css]
[www.yanceysfancy.com/cmscore/js/dojo/dijit/themes/claro/Calendar.css]
[www.yanceysfancy.com/cmscore/js/dojo/dijit/themes/claro/Menu.css]
[www.yanceysfancy.com/cmscore/js/dojo/dijit/themes/claro/form/Slider.css]
[www.yanceysfancy.com/cmscore/js/dojo/dijit/themes/claro/ColorPalette.css]
[www.yanceysfancy.com/cmscore/js/dojo/dijit/themes/claro/InlineEditBox.css]
[www.yanceysfancy.com/cmscore/js/dojo/dijit/themes/claro/ProgressBar.css]
[www.yanceysfancy.com/cmscore/js/dojo/dijit/themes/claro/TimePicker.css]
[www.yanceysfancy.com/cmscore/js/dojo/dijit/themes/claro/layout/BorderContainer.css]
[www.yanceysfancy.com/cmscore/js/dojo/dijit/themes/claro/Tree.css]
[www.yanceysfancy.com/cmscore/js/dojo/dijit/themes/claro/Toolbar.css]
[www.yanceysfancy.com/cmscore/js/dojo/dijit/themes/claro/Editor.css]
[www.yanceysfancy.com/cmscore/js/dojo/dijit/icons/editorIcons.css]
[www.yanceysfancy.com/cmscore/js/dojo/dijit/themes/claro/TitlePane.css]
[www.yanceysfancy.com/cmscore/js/dojo/dijit/themes/claro/form/NumberSpinner.css]
[www.yanceysfancy.com/cmscore/js/dojo/dijit/themes/claro/claro_rtl.css]
[www.yanceysfancy.com/templates/back/css/forgotten-passwordb141.css]
[www.yanceysfancy.com/login-2.html]
[www.yanceysfancy.com/app/recipe/search/resume2679.html]
[www.yanceysfancy.com/app/recipe/buffalo-wing-deviled-eggs.html]
[www.yanceysfancy.com/app/recipe/buffalo-wing-flatbread.html]
[www.yanceysfancy.com/app/recipe/yanceys-french-dip.html]
[www.yanceysfancy.com/app/recipe/hatch-chile-cheeseburgers.html]
[www.yanceysfancy.com/app/recipe/hatch-chile-fettuccine-alfredo.html]
[www.yanceysfancy.com/app/recipe/hatch-chile-queso.html]
[www.yanceysfancy.com/app/recipe/breakfast-quesadillas.html]
[www.yanceysfancy.com/app/recipe/grilled-pineapple-chicken-quesadillas.html]
[www.yanceysfancy.com/app/recipe/smoky-puff-pastry-asparagus-bundles-with-almond-honey.html]
[www.yanceysfancy.com/app/recipe/killer-dill-biscuits.html]
[www.yanceysfancy.com/app/recipe/apple-pie-cheddar-artisan-bread.html]
